[Bootstrap]
SetupTitle=설치
SetupText=파일 복사 중... 기다리십시오.
CabFile=LabelDesign.CAB
Spawn=Setup1.exe
Uninstal=st6unst.exe
TmpDir=msftqws.pdw
Cabs=1

[Bootstrap Files]
File1=@VB6STKIT.DLL,$(WinSysPathSysFile),,,7/15/00 12:00:00 AM,101888,6.0.84.50
File2=@MSVCRT40.DLL,$(WinSysPathSysFile),,,6/1/99 12:00:00 AM,326656,4.22.0.0
File3=@COMCAT.DLL,$(WinSysPathSysFile),$(DLLSelfRegister),,5/31/98 12:00:00 AM,22288,4.71.1460.1
File4=@VB6KO.DLL,$(WinSysPath),,$(Shared),10/2/00 12:00:00 AM,102160,6.0.89.88
File5=@STDOLE2.TLB,$(WinSysPathSysFile),$(TLBRegister),,6/3/99 12:00:00 AM,17920,2.40.4275.1
File6=@ASYCFILT.DLL,$(WinSysPathSysFile),,,3/8/99 12:00:00 AM,147728,2.40.4275.1
File7=@OLEPRO32.DLL,$(WinSysPathSysFile),$(DLLSelfRegister),,3/8/99 12:00:00 AM,164112,5.0.4275.1
File8=@OLEAUT32.DLL,$(WinSysPathSysFile),$(DLLSelfRegister),,4/12/00 12:00:00 AM,598288,2.40.4275.1
File9=@MSVBVM60.DLL,$(WinSysPathSysFile),$(DLLSelfRegister),,2/23/04 12:00:00 AM,1386496,6.0.97.82

[IconGroups]
Group0=오스템 라벨 디자이너
PrivateGroup0=-1
Parent0=$(Programs)

[오스템 라벨 디자이너]
Icon1="LabelDesign.exe"
Title1=오스템 라벨 디자이너
StartIn1=$(AppPath)

[Setup]
Title=오스템 라벨 디자이너 Ver 1.0
DefaultDir=$(ProgramFiles)\LabelDesign
AppExe=LabelDesign.exe
AppToUninstall=LabelDesign.exe

[Setup1 Files]
File1=@log.txt,$(AppPath)\Work\Log,,,10/5/11 4:23:25 PM,0,0.0.0.0
File2=@Job.txt,$(AppPath)\Work,,,10/5/11 4:23:31 PM,0,0.0.0.0
File3=@sample.lof,$(AppPath)\Layout,,,9/28/11 6:02:57 PM,2535,0.0.0.0
File4=@noimage.bmp,$(AppPath)\Image,,,9/30/11 11:17:01 AM,5238,0.0.0.0
File5=@wline.jpg,$(AppPath)\Image,,,9/22/11 3:10:34 PM,635,0.0.0.0
File6=@hline.jpg,$(AppPath)\Image,,,9/22/11 3:10:22 PM,635,0.0.0.0
File7=@ostem.ini,$(AppPath),,,10/5/11 1:10:01 PM,224,0.0.0.0
File8=@barcod32.ocx,$(WinSysPath),$(DLLSelfRegister),$(Shared),10/4/11 6:23:00 PM,92160,1.7.0.4
File9=@MSVCRT.DLL,$(WinSysPathSysFile),,,2/17/04 12:00:00 AM,278581,6.0.9782.0
File10=@mfc42.dll,$(WinSysPathSysFile),$(DLLSelfRegister),,8/4/04 12:53:18 AM,1028096,6.2.4131.0
File11=@SPR32X30.ocx,$(WinSysPath),$(DLLSelfRegister),$(Shared),5/21/99 4:37:30 PM,971888,3.0.0.7
File12=@TABCTKO.DLL,$(WinSysPath),,$(Shared),7/22/98 12:00:00 AM,18944,6.0.81.63
File13=@TABCTL32.OCX,$(WinSysPath),$(DLLSelfRegister),$(Shared),3/9/04 12:00:00 AM,224016,6.1.97.82
File14=@CMDLGKO.DLL,$(WinSysPath),,$(Shared),7/25/98 12:00:00 AM,28160,6.0.81.63
File15=@Comdlg32.ocx,$(WinSysPath),$(DLLSelfRegister),$(Shared),3/9/04 12:00:00 AM,152848,6.1.97.82
File16=@MSCMCKO.DLL,$(WinSysPath),,$(Shared),7/22/98 12:00:00 AM,124416,6.0.81.63
File17=@MSCOMCTL.OCX,$(WinSysPath),$(DLLSelfRegister),$(Shared),3/9/04 12:00:00 AM,1081616,6.1.97.82
File18=@VB5DB.DLL,$(WinSysPath),,$(Shared),6/18/98 12:00:00 AM,89360,6.0.81.69
File19=@msjtes40.dll,$(WinSysPathSysFile),$(DLLSelfRegister),,8/4/04 12:53:22 AM,241693,4.0.8618.0
File20=@msrepl40.dll,$(WinSysPathSysFile),,,8/4/04 12:53:22 AM,552989,4.0.8015.0
File21=@msrd3x40.dll,$(WinSysPathSysFile),$(DLLSelfRegister),,8/4/04 12:53:22 AM,315423,4.0.6508.0
File22=@msrd2x40.dll,$(WinSysPathSysFile),$(DLLSelfRegister),,8/4/04 12:53:22 AM,421919,4.0.7328.0
File23=@mswdat10.dll,$(WinSysPathSysFile),,,8/4/04 12:53:22 AM,831519,4.0.6508.0
File24=@mswstr10.dll,$(WinSysPathSysFile),,,8/4/04 12:53:22 AM,614429,4.0.8905.0
File25=@expsrv.dll,$(WinSysPathSysFile),,,2/25/04 12:00:00 AM,380688,6.1.0.9774
File26=@vbajet32.dll,$(WinSysPathSysFile),,,8/4/04 12:53:30 AM,30749,6.0.1.9431
File27=@msjint40.dll,$(WinSysPathSysFile),,,8/4/04 12:53:22 AM,151583,4.0.8905.0
File28=@msjter40.dll,$(WinSysPathSysFile),,,8/4/04 12:53:22 AM,53279,4.0.6508.0
File29=@msjet40.dll,$(WinSysPathSysFile),$(DLLSelfRegister),,8/4/04 12:53:22 AM,1507356,4.0.8618.0
File30=@dao360.dll,$(MSDAOPath),$(DLLSelfRegister),$(Shared),8/4/04 12:53:14 AM,561179,3.60.8618.0
File31=@LabelDesign.exe,$(AppPath),,,10/5/11 4:17:36 PM,585728,1.0.0.0

; 다음 행은 모든 설치 디스켓에서 이 파일을 사용자 정의하는 데 필요한 여분의 공간을 얻기 위해 삭제될 수 있습니다.
; 
; XXXXXXXXXXXXXXXXXXXXXXXXXXXXXXXXXXXXXXXXXXXXXXXXXXXXXXXXXXXX
; XXXXXXXXXXXXXXXXXXXXXXXXXXXXXXXXXXXXXXXXXXXXXXXXXXXXXXXXXXXX
; XXXXXXXXXXXXXXXXXXXXXXXXXXXXXXXXXXXXXXXXXXXXXXXXXXXXXXXXXXXX
; XXXXXXXXXXXXXXXXXXXXXXXXXXXXXXXXXXXXXXXXXXXXXXXXXXXXXXXXXXXX
; XXXXXXXXXXXXXXXXXXXXXXXXXXXXXXXXXXXXXXXXXXXXXXXXXXXXXXXXXXXX
; XXXXXXXXXXXXXXXXXXXXXXXXXXXXXXXXXXXXXXXXXXXXXXXXXXXXXXXXXXXX
; XXXXXXXXXXXXXXXXXXXXXXXXXXXXXXXXXXXXXXXXXXXXXXXXXXXXXXXXXXXX
; XXXXXXXXXXXXXXXXXXXXXXXXXXXXXXXXXXXXXXXXXXXXXXXXXXXXXXXXXXXX
; XXXXXXXXXXXXXXXXXXXXXXXXXXXXXXXXXXXXXXXXXXXXXXXXXXXXXXXXXXXX
; XXXXXXXXXXXXXXXXXXXXXXXXXXXXXXXXXXXXXXXXXXXXXXXXXXXXXXXXXXXX
; XXXXXXXXXXXXXXXXXXXXXXXXXXXXXXXXXXXXXXXXXXXXXXXXXXXXXXXXXXXX
; XXXXXXXXXXXXXXXXXXXXXXXXXXXXXXXXXXXXXXXXXXXXXXXXXXXXXXXXXXXX
; XXXXXXXXXXXXXXXXXXXXXXXXXXXXXXXXXXXXXXXXXXXXXXXXXXXXXXXXXXXX
; XXXXXXXXXXXXXXXXXXXXXXXXXXXXXXXXXXXXXXXXXXXXXXXXXXXXXXXXXXXX
; XXXXXXXXXXXXXXXXXXXXXXXXXXXXXXXXXXXXXXXXXXXXXXXXXXXXXXXXXXXX
; XXXXXXXXXXXXXXXXXXXXXXXXXXXXXXXXXXXXXXXXXXXXXXXXXXXXXXXXXXXX
; XXXXXXXXXXXXXXXXXXXXXXXXXXXXXXXXXXXXXXXXXXXXXXXXXXXXXXXXXXXX
; XXXXXXXXXXXXXXXXXXXXXXXXXXXXXXXXXXXXXXXXXXXXXXXXXXXXXXXXXXXX
; XXXXXXXXXXXXXXXXXXXXXXXXXXXXXXXXXXXXXXXXXXXXXXXXXXXXXXXXXXXX
; XXXXXXXXXXXXXXXXXXXXXXXXXXXXXXXXXXXXXXXXXXXXXXXXXXXXXXXXXXXX
; XXXXXXXXXXXXXXXXXXXXXXXXXXXXXXXXXXXXXXXXXXXXXXXXXXXXXXXXXXXX
; XXXXXXXXXXXXXXXXXXXXXXXXXXXXXXXXXXXXXXXXXXXXXXXXXXXXXXXXXXXX
; XXXXXXXXXXXXXXXXXXXXXXXXXXXXXXXXXXXXXXXXXXXXXXXXXXXXXXXXXXXX
; XXXXXXXXXXXXXXXXXXXXXXXXXXXXXXXXXXXXXXXXXXXXXXXXXXXXXXXXXXXX
; XXXXXXXXXXXXXXXXXXXXXXXXXXXXXXXXXXXXXXXXXXXXXXXXXXXXXXXXXXXX
; XXXXXXXXXXXXXXXXXXXXXXXXXXXXXXXXXXXXXXXXXXXXXXXXXXXXXXXXXXXX
; XXXXXXXXXXXXXXXXXXXXXXXXXXXXXXXXXXXXXXXXXXXXXXXXXXXXXXXXXXXX
; XXXXXXXXXXXXXXXXXXXXXXXXXXXXXXXXXXXXXXXXXXXXXXXXXXXXXXXXXXXX
; XXXXXXXXXXXXXXXXXXXXXXXXXXXXXXXXXXXXXXXXXXXXXXXXXXXXXXXXXXXX
; XXXXXXXXXXXXXXXXXXXXXXXXXXXXXXXXXXXXXXXXXXXXXXXXXXXXXXXXXXXX
; XXXXXXXXXXXXXXXXXXXXXXXXXXXXXXXXXXXXXXXXXXXXXXXXXXXXXXXXXXXX
; XXXXXXXXXXXXXXXXXXXXXXXXXXXXXXXXXXXXXXXXXXXXXXXXXXXXXXXXXXXX
; XXXXXXXXXXXXXXXXXXXXXXXXXXXXXXXXXXXXXXXXXXXXXXXXXXXXXXXXXXXX
; XXXXXXXXXXXXXXXXXXXXXXXXXXXXXXXXXXXXXXXXXXXXXXXXXXXXXXXXXXXX
; XXXXXXXXXXXXXXXXXXXXXXXXXXXXXXXXXXXXXXXXXXXXXXXXXXXXXXXXXXXX
