[Bootstrap]
SetupTitle=설치
SetupText=파일 복사 중... 기다리십시오.
CabFile=cpJupsu.CAB
Spawn=Setup1.exe
Uninstal=st6unst.exe
TmpDir=msftqws.pdw
Cabs=1

[Bootstrap Files]
File1=@VB6STKIT.DLL,$(WinSysPathSysFile),,,7/22/98 12:00:00 AM,102912,6.0.81.69
File2=@MSVCRT40.DLL,$(WinSysPathSysFile),,,5/31/98 12:00:00 AM,326656,4.21.0.0
File3=@OLEPRO32.DLL,$(WinSysPathSysFile),$(DLLSelfRegister),,8/31/99 4:55:18 PM,164112,5.0.4277.1
File4=@COMCAT.DLL,$(WinSysPathSysFile),$(DLLSelfRegister),,5/31/98 12:00:00 AM,22288,4.71.1460.1
File5=@VB6KO.DLL,$(WinSysPath),,$(Shared),7/22/98 12:00:00 AM,102160,5.0.81.69
File6=@STDOLE2.TLB,$(WinSysPathSysFile),$(TLBRegister),,8/31/99 4:55:18 PM,17920,2.40.4277.1
File7=@ASYCFILT.DLL,$(WinSysPathSysFile),,,8/31/99 4:55:18 PM,147728,2.40.4277.1
File8=@OLEAUT32.DLL,$(WinSysPathSysFile),$(DLLSelfRegister),,8/31/99 4:55:18 PM,598288,2.40.4277.1
File9=@MSVBVM60.DLL,$(WinSysPathSysFile),$(DLLSelfRegister),,6/25/98 12:00:00 AM,1409024,6.0.81.76

[IconGroups]
Group0=임상병리
PrivateGroup0=True
Parent0=$(Programs)

[임상병리]
Icon1="cpJupsu.exe"
Title1=임상병리
StartIn1=$(AppPath)

[Setup]
Title=cpJupsu
DefaultDir=$(ProgramFiles)\cpJupsu
AppExe=cpJupsu.exe
AppToUninstall=cpJupsu.exe

[Setup1 Files]
File1=@MSADOR15.DLL,$(CommonFilesSys)\ADO,$(DLLSelfRegister),$(Shared),6/19/98 12:00:00 AM,37888,2.0.3002.11
File2=@MSADO15.DLL,$(CommonFilesSys)\ADO,$(DLLSelfRegister),$(Shared),5/5/99 10:22:00 PM,340240,2.10.3711.9
File3=@CO1M30EN.DLL,$(WinSysPath),,$(Shared),8/15/95 12:00:00 AM,147072,3.0.0.4
File4=@bmdvbx10.dll,$(WinSysPath),,$(Shared),8/13/96 4:23:12 PM,140528,1.0.0.5
File5=@bmd16x10.dll,$(WinSysPath),,$(Shared),8/13/96 4:23:12 PM,134864,1.0.0.5
File6=@MFCO30.DLL,$(WinSysPathSysFile),,,6/26/98 8:01:02 PM,151552,3.2.0.0
File7=@GSWDLL32.DLL,$(WinSysPath),,$(Shared),7/29/98 3:59:46 AM,69632,2.5.3.6
File8=@BTRV200.DLL,$(WinSysPath),,$(Shared),8/15/95 12:00:00 AM,111616,2.50.0.1117
File9=@MSVCRT20.DLL,$(WinSysPathSysFile),,,5/11/98 12:00:00 AM,253952,2.11.0.0
File10=@MSSCMC32.DLL,$(WinSysPath),,$(Shared),6/26/98 8:01:02 PM,225280,2.0.0.912
File11=@MSRLE32.DLL,$(WinSysPathSysFile),,,6/26/98 8:01:02 PM,28672,4.10.0.1998
File12=@MSRD2X32.dll,$(WinSysPathSysFile),$(DLLSelfRegister),,9/20/95 4:16:30 PM,245520,3.0.0.2120
File13=@MSPDOX35.DLL,$(WinSysPathSysFile),$(DLLSelfRegister),,6/23/97 12:00:00 AM,250128,3.51.623.0
File14=@MSACM32.DLL,$(WinSysPathSysFile),,,6/26/98 8:01:02 PM,102400,4.3.0.1998
File15=@ICM32.DLL,$(WinSysPathSysFile),,,6/26/98 8:01:02 PM,245520,5.0.0.0
File16=@GAPI32.DLL,$(WinSysPathSysFile),,,4/24/98 12:00:00 AM,83552,4.0.994.25
File17=@DS32GT.DLL,$(WinSysPath),,$(Shared),6/22/98 12:00:00 AM,5632,3.510.3002.13
File18=@CTL3D32.DLL,$(WinSysPathSysFile),,,6/26/98 8:01:02 PM,45056,2.31.0.0
File19=@CRYPT32.DLL,$(AppPath),,$(Shared),6/26/98 8:01:02 PM,229376,5.101.1743.1
File20=@CONTAB32.DLL,$(WinSysPath),,$(Shared),2/28/97 12:00:00 AM,111016,8.0.0.3720
File21=@CFGMGR32.DLL,$(WinSysPath),,$(Shared),6/26/98 8:01:02 PM,45056,4.10.0.1998
File22=@bmd32x10.dll,$(WinSysPath),,$(Shared),8/13/96 4:23:12 PM,128000,1.0.0.5
File23=@ss32d25.dll,$(WinSysPath),,$(Shared),11/11/97 5:56:00 PM,504832,2.5.0.25
File24=@Tab32d20.dll,$(AppPath),,$(Shared),2/20/96 4:21:48 PM,244736,0.0.0.0
File25=@spr32d30.dll,$(WinSysPath),,$(Shared),2/17/99 2:07:10 PM,610304,3.0.0.6
File26=@Btn32d10.dll,$(WinSysPath),,$(Shared),3/12/96 9:49:34 AM,156160,1.0.0.0
File27=@USER32.DLL,$(WinSysPathSysFile),,,6/26/98 8:01:02 PM,69632,4.10.0.1998
File28=@KERNEL32.DLL,$(WinSysPathSysFile),,,6/26/98 8:01:02 PM,471040,4.10.0.1998
File29=@MDAC_TYP.EXE,$(AppPath),,$(Shared),7/24/98 12:00:00 AM,6679856,4.71.1015.0
File30=@MFC40.DLL,$(WinSysPathSysFile),$(DLLSelfRegister),,4/24/98 12:00:00 AM,921872,4.1.0.6038
File31=@SPIN32.OCX,$(WinSysPath),$(DLLSelfRegister),$(Shared),6/24/98 10:57:00 AM,57880,1.0.0.44
File32=@Tab32x20.ocx,$(WinSysPath),$(DLLSelfRegister),$(Shared),2/20/96 4:21:48 PM,339968,2.0.0.0
File33=@MSCOMKO.DLL,$(WinSysPath),,$(Shared),7/22/98 12:00:00 AM,12800,6.0.81.63
File34=@MSCOMM32.OCX,$(WinSysPath),$(DLLSelfRegister),$(Shared),6/24/98 12:00:00 AM,103744,6.0.81.69
File35=@FM20.DLL,$(WinSysPath),$(DLLSelfRegister),$(Shared),2/28/97 12:00:00 AM,1123600,2.1.3603.0
File36=@MSCC2KO.DLL,$(WinSysPath),,$(Shared),7/22/98 12:00:00 AM,53248,6.0.81.63
File37=@MSCOMCT2.OCX,$(WinSysPath),$(DLLSelfRegister),$(Shared),6/26/98 12:00:00 AM,644400,6.0.81.77
File38=@MSCMCKO.DLL,$(WinSysPath),,$(Shared),7/22/98 12:00:00 AM,124416,6.0.81.63
File39=@MSCOMCTL.OCX,$(WinSysPath),$(DLLSelfRegister),$(Shared),6/26/98 12:00:00 AM,1062704,6.0.81.77
File40=@fpSpr30.ocx,$(WinSysPath),$(DLLSelfRegister),$(Shared),2/17/99 2:07:10 PM,992384,3.0.0.6
File41=@THREED32.OCX,$(WinSysPath),$(DLLSelfRegister),$(Shared),6/24/98 10:57:08 AM,205848,1.0.41.0
File42=@MSADO20.TLB,$(WinSysPath),$(TLBRegister),$(Shared),1/18/99 12:00:00 AM,48528,0.0.0.0
File43=@Sprvbx30.vbx,$(WinSysPath),,$(Shared),2/17/99 2:07:10 PM,851680,3.0.0.6
File44=@cpJupsu.exe,$(AppPath),,$(Shared),10/23/00 6:28:34 PM,1921024,1.0.0.0

; 다음 행은 모든 설치 디스켓에서 이 파일을 사용자 정의하는 데 필요한 여분의 공간을 얻기 위해 삭제될 수 있습니다.
; 
; XXXXXXXXXXXXXXXXXXXXXXXXXXXXXXXXXXXXXXXXXXXXXXXXXXXXXXXXXXXX
; XXXXXXXXXXXXXXXXXXXXXXXXXXXXXXXXXXXXXXXXXXXXXXXXXXXXXXXXXXXX
; XXXXXXXXXXXXXXXXXXXXXXXXXXXXXXXXXXXXXXXXXXXXXXXXXXXXXXXXXXXX
; XXXXXXXXXXXXXXXXXXXXXXXXXXXXXXXXXXXXXXXXXXXXXXXXXXXXXXXXXXXX
; XXXXXXXXXXXXXXXXXXXXXXXXXXXXXXXXXXXXXXXXXXXXXXXXXXXXXXXXXXXX
; XXXXXXXXXXXXXXXXXXXXXXXXXXXXXXXXXXXXXXXXXXXXXXXXXXXXXXXXXXXX
; XXXXXXXXXXXXXXXXXXXXXXXXXXXXXXXXXXXXXXXXXXXXXXXXXXXXXXXXXXXX
; XXXXXXXXXXXXXXXXXXXXXXXXXXXXXXXXXXXXXXXXXXXXXXXXXXXXXXXXXXXX
; XXXXXXXXXXXXXXXXXXXXXXXXXXXXXXXXXXXXXXXXXXXXXXXXXXXXXXXXXXXX
; XXXXXXXXXXXXXXXXXXXXXXXXXXXXXXXXXXXXXXXXXXXXXXXXXXXXXXXXXXXX
; XXXXXXXXXXXXXXXXXXXXXXXXXXXXXXXXXXXXXXXXXXXXXXXXXXXXXXXXXXXX
; XXXXXXXXXXXXXXXXXXXXXXXXXXXXXXXXXXXXXXXXXXXXXXXXXXXXXXXXXXXX
; XXXXXXXXXXXXXXXXXXXXXXXXXXXXXXXXXXXXXXXXXXXXXXXXXXXXXXXXXXXX
; XXXXXXXXXXXXXXXXXXXXXXXXXXXXXXXXXXXXXXXXXXXXXXXXXXXXXXXXXXXX
; XXXXXXXXXXXXXXXXXXXXXXXXXXXXXXXXXXXXXXXXXXXXXXXXXXXXXXXXXXXX
; XXXXXXXXXXXXXXXXXXXXXXXXXXXXXXXXXXXXXXXXXXXXXXXXXXXXXXXXXXXX
; XXXXXXXXXXXXXXXXXXXXXXXXXXXXXXXXXXXXXXXXXXXXXXXXXXXXXXXXXXXX
; XXXXXXXXXXXXXXXXXXXXXXXXXXXXXXXXXXXXXXXXXXXXXXXXXXXXXXXXXXXX
; XXXXXXXXXXXXXXXXXXXXXXXXXXXXXXXXXXXXXXXXXXXXXXXXXXXXXXXXXXXX
; XXXXXXXXXXXXXXXXXXXXXXXXXXXXXXXXXXXXXXXXXXXXXXXXXXXXXXXXXXXX
; XXXXXXXXXXXXXXXXXXXXXXXXXXXXXXXXXXXXXXXXXXXXXXXXXXXXXXXXXXXX
; XXXXXXXXXXXXXXXXXXXXXXXXXXXXXXXXXXXXXXXXXXXXXXXXXXXXXXXXXXXX
; XXXXXXXXXXXXXXXXXXXXXXXXXXXXXXXXXXXXXXXXXXXXXXXXXXXXXXXXXXXX
; XXXXXXXXXXXXXXXXXXXXXXXXXXXXXXXXXXXXXXXXXXXXXXXXXXXXXXXXXXXX
; XXXXXXXXXXXXXXXXXXXXXXXXXXXXXXXXXXXXXXXXXXXXXXXXXXXXXXXXXXXX
; XXXXXXXXXXXXXXXXXXXXXXXXXXXXXXXXXXXXXXXXXXXXXXXXXXXXXXXXXXXX
; XXXXXXXXXXXXXXXXXXXXXXXXXXXXXXXXXXXXXXXXXXXXXXXXXXXXXXXXXXXX
; XXXXXXXXXXXXXXXXXXXXXXXXXXXXXXXXXXXXXXXXXXXXXXXXXXXXXXXXXXXX
; XXXXXXXXXXXXXXXXXXXXXXXXXXXXXXXXXXXXXXXXXXXXXXXXXXXXXXXXXXXX
; XXXXXXXXXXXXXXXXXXXXXXXXXXXXXXXXXXXXXXXXXXXXXXXXXXXXXXXXXXXX
; XXXXXXXXXXXXXXXXXXXXXXXXXXXXXXXXXXXXXXXXXXXXXXXXXXXXXXXXXXXX
; XXXXXXXXXXXXXXXXXXXXXXXXXXXXXXXXXXXXXXXXXXXXXXXXXXXXXXXXXXXX
; XXXXXXXXXXXXXXXXXXXXXXXXXXXXXXXXXXXXXXXXXXXXXXXXXXXXXXXXXXXX
; XXXXXXXXXXXXXXXXXXXXXXXXXXXXXXXXXXXXXXXXXXXXXXXXXXXXXXXXXXXX
; XXXXXXXXXXXXXXXXXXXXXXXXXXXXXXXXXXXXXXXXXXXXXXXXXXXXXXXXXXXX
