***** External Functions *****
1    AddFolderIcon                                      isrt.obl(Shell.obs)
2    AddFontRegistrationToLog                           isrt.obl(Misc.obs)
3    AppSearch                                          isrt.obl(Driver.obs)
4    CCPSearch                                          isrt.obl(Driver.obs)
5    ChangeDirectory                                    isrt.obl(Files.obs)
6    CloseFile                                          isrt.obl(Files.obs)
7    CmdGetHwndDlg                                      isrt.obl(CustomDialog.obs)
8    ComponentAddFileToLog                              isrt.obl(component.obs)
9    ComponentCompareSizeRequired                       isrt.obl(component.obs)
10   ComponentGetData                                   isrt.obl(component.obs)
11   ComponentGetTotalCost                              isrt.obl(component.obs)
12   ComponentIsItemSelected                            isrt.obl(component.obs)
13   ComponentListItems                                 isrt.obl(component.obs)
14   ComponentSelectItem                                isrt.obl(component.obs)
15   ComponentTreeInit                                  isrt.obl(Dialogs.obs)
16   CreateDir                                          isrt.obl(Files.obs)
17   CreateFile                                         isrt.obl(Files.obs)
18   CreateInstallationInfo                             isrt.obl(Registry.obs)
19   CreateRegistrySet                                  isrt.obl(Feature.obs)
20   CtrlGetNotificationCode                            isrt.obl(CustomDialog.obs)
21   CtrlGetState                                       isrt.obl(CustomDialog.obs)
22   CtrlGetText                                        isrt.obl(CustomDialog.obs)
23   CtrlSelectText                                     isrt.obl(CustomDialog.obs)
24   CtrlSetState                                       isrt.obl(CustomDialog.obs)
25   CtrlSetText                                        isrt.obl(CustomDialog.obs)
26   DRMINSTALLERPRO.DRMInstallPRO                      isrt.obl(Activation.obs)
27   DRMINSTALLERPRO.DRMUnInstallPRO                    isrt.obl(Activation.obs)
28   DefineDialog                                       isrt.obl(CustomDialog.obs)
29   Delay                                              isrt.obl(Misc.obs)
30   DeleteFile                                         isrt.obl(Files.obs)
31   DeleteFolderIcon                                   isrt.obl(Shell.obs)
32   DeleteSingleFile                                   isrt.obl(Files.obs)
33   DialogSetDefaultFont                               isrt.obl(Dialogs.obs)
34   DialogSetFont                                      isrt.obl(Dialogs.obs)
35   DialogSetInfo                                      isrt.obl(Dialogs.obs)
36   Disable                                            isrt.obl(Enable.obs)
37   DllSizeOf                                          isrt.obl(Str.obs)
38   Do                                                 isrt.obl(Misc.obs)
39   Enable                                             isrt.obl(Enable.obs)
40   EndCurrentDialog                                   isrt.obl(Dialogs.obs)
41   EndDialog                                          isrt.obl(CustomDialog.obs)
42   EnterDisk                                          isrt.obl(EnterDisk.obs)
43   EnterPassword                                      isrt.obl(EnterPasswordDlg.obs)
44   ExistsDir                                          isrt.obl(Files.obs)
45   ExistsDisk                                         isrt.obl(Files.obs)
46   ExitInstall                                        isrt.obl(Driver.obs)
47   EzDefineDialog                                     isrt.obl(CustomDialog.obs)
48   FeatureAddFileToLog                                isrt.obl(Feature.obs)
49   FeatureCompareSizeRequired                         isrt.obl(Feature.obs)
50   FeatureErrorInfo                                   isrt.obl(Feature.obs)
51   FeatureFilterLanguage                              isrt.obl(Feature.obs)
52   FeatureFilterOS                                    isrt.obl(Feature.obs)
53   FeatureGetData                                     isrt.obl(Feature.obs)
54   FeatureGetTotalCost                                isrt.obl(Feature.obs)
55   FeatureIsItemSelected                              isrt.obl(Feature.obs)
56   FeatureListItems                                   isrt.obl(Feature.obs)
57   FeaturePatch                                       isrt.obl(Feature.obs)
58   FeatureReinstall                                   isrt.obl(Feature.obs)
59   FeatureRemoveAllInLogOnly                          isrt.obl(Feature.obs)
60   FeatureRemoveAllInMedia                            isrt.obl(Feature.obs)
61   FeatureRemoveAllInMediaAndLog                      isrt.obl(Feature.obs)
62   FeatureSaveTarget                                  isrt.obl(Feature.obs)
63   FeatureSelectItem                                  isrt.obl(Feature.obs)
64   FeatureSelectNew                                   isrt.obl(Feature.obs)
65   FeatureTransferData                                isrt.obl(Feature.obs)
66   FeatureUpdate                                      isrt.obl(Feature.obs)
67   FeatureValidate                                    isrt.obl(Feature.obs)
68   FinalConstruct                                     ifx.obl(EventsPriv.obs)
69   FinalRelease                                       ifx.obl(EventsPriv.obs)
70   FindFile                                           isrt.obl(Files.obs)
71   FormatMessage                                      isrt.obl(Misc.obs)
72   GDI32.AddFontResource                              Setup.obs
73   GDI32.CreateRectRgn                                Setup.obs
74   GDI32.GetDeviceCaps                                Setup.obs
75   GDI32.RemoveFontResource                           Setup.obs
76   GetAddRemove                                       isrt.obl(SysVars.obs)
77   GetBillboard                                       isrt.obl(SysVars.obs)
78   GetCommonFiles                                     isrt.obl(SysVars.obs)
79   GetCurrentDialogName                               isrt.obl(Dialogs.obs)
80   GetCurrentDir                                      isrt.obl(Files.obs)
81   GetDialogTitle                                     isrt.obl(Dialogs.obs)
82   GetDir                                             isrt.obl(Str.obs)
83   GetDisk                                            isrt.obl(Str.obs)
84   GetDiskSpace                                       isrt.obl(GSI.obs)
85   GetDiskSpaceEx                                     isrt.obl(GSI.obs)
86   GetEnabledIServices                                isrt.obl(SysVars.obs)
87   GetEngineDir                                       isrt.obl(SysVars.obs)
88   GetErrorMsg                                        isrt.obl(Dialogs.obs)
89   GetErrorTitle                                      isrt.obl(Dialogs.obs)
90   GetExtents                                         isrt.obl(GSI.obs)
91   GetFileInfo                                        isrt.obl(Files.obs)
92   GetFolderApplications                              isrt.obl(SysVars.obs)
93   GetFolderFonts                                     isrt.obl(SysVars.obs)
94   GetFolderPrograms                                  isrt.obl(SysVars.obs)
95   GetFolderStartMenu                                 isrt.obl(SysVars.obs)
96   GetISRes                                           isrt.obl(SysVars.obs)
97   GetInstallScriptMSI                                isrt.obl(SysVars.obs)
98   GetInstanceGUID                                    isrt.obl(SysVars.obs)
99   GetKeyPathWinCurrVerAuto                           isrt.obl(SysVars.obs)
100  GetLog                                             isrt.obl(SysVars.obs)
101  GetLogEx                                           isrt.obl(SysVars.obs)
102  GetMaintOption                                     isrt.obl(SysVars.obs)
103  GetMaintenance                                     isrt.obl(SysVars.obs)
104  GetMultiInstanceCount                              isrt.obl(SysVars.obs)
105  GetOpenFileMode                                    isrt.obl(Files.obs)
106  GetPackageLocation                                 isrt.obl(SysVars.obs)
107  GetProductGUID                                     isrt.obl(SysVars.obs)
108  GetProfSectionKeyCount                             isrt.obl(Profile.obs)
109  GetProfString                                      isrt.obl(Profile.obs)
110  GetProfStringList                                  isrt.obl(Profile.obs)
111  GetProgramFiles                                    isrt.obl(SysVars.obs)
112  GetRemoveAllMode                                   isrt.obl(SysVars.obs)
113  GetRemoveOnly                                      isrt.obl(SysVars.obs)
114  GetSelectedLanguage                                isrt.obl(SysVars.obs)
115  GetSelectedTreeComponent                           isrt.obl(CmptView.obs)
116  GetShowPasswordDialog                              isrt.obl(SysVars.obs)
117  GetSupportDir                                      isrt.obl(SysVars.obs)
118  GetSystemInfo                                      isrt.obl(GSI.obs)
119  GetTempFolder                                      isrt.obl(SysVars.obs)
120  GetTrueTypeFontFileInfo                            isrt.obl(Misc.obs)
121  GetUserSelectableAuto                              isrt.obl(SysVars.obs)
122  GetWinDir                                          isrt.obl(SysVars.obs)
123  GetWinSysDir                                       isrt.obl(SysVars.obs)
124  GetWindowHandle                                    isrt.obl(Misc.obs)
125  HIBYTE                                             isrt.obl(Misc.obs)
126  HIWORD                                             isrt.obl(Misc.obs)
127  ISDeterminePlatform                                isrt.obl(OsInfo.obs)
128  ISMIF32.InstallStatusMIF                           isrt.obl(MIF.obs)
129  ISRT.AddIcon                                       isrt.obl(Shell.obs)
130  ISRT.ComponentViewSetInfoEx                        isrt.obl(Dialogs.obs)
131  ISRT.DeleteIcon                                    isrt.obl(Shell.obs)
132  ISRT.EnableHourGlass                               isrt.obl(Enable.obs)
133  ISRT.GetCPUType                                    isrt.obl(GSI.obs)
134  ISRT.GetFontSub                                    isrt.obl(Dialogs.obs)
135  ISRT.GetHandle                                     Setup.obs
136  ISRT.GetPorts                                      isrt.obl(GSI.obs)
137  ISRT.IsEmpty                                       Setup.obs
138  ISRT.IsNTAdmin                                     isrt.obl(Is.obs)
139  ISRT.IsObject                                      Setup.obs
140  ISRT.IsPowerUser                                   isrt.obl(Is.obs)
141  ISRT.LangLoadString                                isrt.obl(SDINT.obs)
142  ISRT.MessageBeepP                                  Setup.obs
143  ISRT.PathCompactPathPixel                          isrt.obl(CustomDialog.obs)
144  ISRT.PathGetDir                                    isrt.obl(Str.obs)
145  ISRT.PathGetDrive                                  isrt.obl(Str.obs)
146  ISRT.PathGetFile                                   isrt.obl(Files.obs)
147  ISRT.PathGetFileExt                                isrt.obl(Str.obs)
148  ISRT.PathGetFileName                               isrt.obl(Str.obs)
149  ISRT.PathGetLongFromShort                          isrt.obl(Str.obs)
150  ISRT.PathGetPath                                   isrt.obl(Str.obs)
151  ISRT.PathGetSpecialFolder                          isrt.obl(SysVars.obs)
152  ISRT.PathIsValidSyntax                             isrt.obl(Is.obs)
153  ISRT.VerGetFileVersion                             Setup.obs
154  ISRT._AppSearch                                    Setup.obs
155  ISRT._BrowseForFolder                              isrt.obl(SelectDir.obs)
156  ISRT._CCPSearch                                    Setup.obs
157  ISRT._CleanupInet                                  isrt.obl(MIO.obs)
158  ISRT._CloseFile                                    isrt.obl(Files.obs)
159  ISRT._CmdGetHwndDlg                                isrt.obl(CustomDialog.obs)
160  ISRT._ComponentCompareSizeRequired                 isrt.obl(Feature.obs)
161  ISRT._ComponentErrorInfo                           isrt.obl(Feature.obs)
162  ISRT._ComponentFilterLanguage                      isrt.obl(Feature.obs)
163  ISRT._ComponentFilterOS                            isrt.obl(Feature.obs)
164  ISRT._ComponentGetData                             isrt.obl(Feature.obs)
165  ISRT._ComponentGetTotalCost                        isrt.obl(Feature.obs)
166  ISRT._ComponentGetTotalCostEx                      isrt.obl(SdComponentTreeDlg.obs)
167  ISRT._ComponentIsItemSelected                      isrt.obl(Feature.obs)
168  ISRT._ComponentListItems                           isrt.obl(Feature.obs)
169  ISRT._ComponentPatch                               isrt.obl(Feature.obs)
170  ISRT._ComponentReinstall                           isrt.obl(Feature.obs)
171  ISRT._ComponentRemoveAll                           isrt.obl(Feature.obs)
172  ISRT._ComponentRemoveAllInLogOnly                  isrt.obl(Feature.obs)
173  ISRT._ComponentSaveTarget                          isrt.obl(Feature.obs)
174  ISRT._ComponentSelectItem                          isrt.obl(Feature.obs)
175  ISRT._ComponentSelectNew                           isrt.obl(Feature.obs)
176  ISRT._ComponentTransferData                        isrt.obl(Feature.obs)
177  ISRT._ComponentUpdate                              isrt.obl(Feature.obs)
178  ISRT._ComponentValidate                            isrt.obl(Feature.obs)
179  ISRT._CreateDir                                    isrt.obl(Files.obs)
180  ISRT._CreateRegistrySet                            isrt.obl(Feature.obs)
181  ISRT._CtrlGetNotificationCode                      isrt.obl(CustomDialog.obs)
182  ISRT._DefineDialog                                 isrt.obl(CustomDialog.obs)
183  ISRT._DialogSetFont                                isrt.obl(Dialogs.obs)
184  ISRT._DisableStatus                                isrt.obl(Enable.obs)
185  ISRT._DoSprintf                                    isrt.obl(MsgBox.obs)
186  ISRT._EnableDialogCache                            isrt.obl(Enable.obs)
187  ISRT._EnablePrevDialog                             isrt.obl(AskDestPathDlg.obs)
188  ISRT._EnableSkins                                  isrt.obl(Enable.obs)
189  ISRT._EnableStatus                                 isrt.obl(Enable.obs)
190  ISRT._EndDialog                                    isrt.obl(CustomDialog.obs)
191  ISRT._ExistsDir                                    isrt.obl(Files.obs)
192  ISRT._ExistsDisk                                   isrt.obl(Files.obs)
193  ISRT._ExistsFile                                   isrt.obl(Files.obs)
194  ISRT._ExitInstall                                  Setup.obs
195  ISRT._GetCurrentDialogName                         isrt.obl(Dialogs.obs)
196  ISRT._GetDiskSpaceEx                               isrt.obl(GSI.obs)
197  ISRT._GetDiskSpaceExEx                             isrt.obl(SdComponentTreeDlg.obs)
198  ISRT._GetGlobalMemorySize                          isrt.obl(GSI.obs)
199  ISRT._GetInetFileSize                              isrt.obl(Files.obs)
200  ISRT._GetInetFileTime                              isrt.obl(Files.obs)
201  ISRT._GetSelectedTreeComponent                     isrt.obl(CmptView.obs)
202  ISRT._GetSupportDir                                isrt.obl(SysVars.obs)
203  ISRT._GetTrueTypeFontFileInfo                      isrt.obl(Misc.obs)
204  ISRT._InetEndofTransfer                            isrt.obl(iftw.obs)
205  ISRT._InetGetNextDisk                              isrt.obl(iftw.obs)
206  ISRT._InitInstall                                  Setup.obs
207  ISRT._IsFontTypefaceNameAvailable                  isrt.obl(Is.obs)
208  ISRT._IsSkinLoaded                                 isrt.obl(Is.obs)
209  ISRT._IsWindowsME                                  isrt.obl(GSI.obs)
210  ISRT._ListAddItem                                  isrt.obl(scrlist.obs)
211  ISRT._ListAddString                                isrt.obl(scrlist.obs)
212  ISRT._ListCount                                    isrt.obl(scrlist.obs)
213  ISRT._ListCreate                                   isrt.obl(scrlist.obs)
214  ISRT._ListCurrentString                            isrt.obl(scrlist.obs)
215  ISRT._ListDeleteItem                               isrt.obl(scrlist.obs)
216  ISRT._ListDeleteString                             isrt.obl(scrlist.obs)
217  ISRT._ListDestroy                                  isrt.obl(scrlist.obs)
218  ISRT._ListFindString                               isrt.obl(scrlist.obs)
219  ISRT._ListGetFirstItem                             isrt.obl(scrlist.obs)
220  ISRT._ListGetFirstString                           isrt.obl(scrlist.obs)
221  ISRT._ListGetNextItem                              isrt.obl(scrlist.obs)
222  ISRT._ListGetNextString                            isrt.obl(scrlist.obs)
223  ISRT._ListGetType                                  isrt.obl(scrlist.obs)
224  ISRT._ListSetIndex                                 isrt.obl(scrlist.obs)
225  ISRT._MediaGetInfo                                 isrt.obl(Feature.obs)
226  ISRT._OnUninstPriv                                 Setup.obs
227  ISRT._OpenFile                                     isrt.obl(Files.obs)
228  ISRT._Preprogram                                   Setup.obs
229  ISRT._RebootPutString                              ISUS.obl(ISUpdateService.obs)
230  ISRT._Rebooted                                     Setup.obs
231  ISRT._RegCreateKey                                 isrt.obl(Registry.obs)
232  ISRT._RegDeleteValue                               isrt.obl(Registry.obs)
233  ISRT._RegEnableTextSubs                            isrt.obl(Enable.obs)
234  ISRT._RegEnum                                      isrt.obl(Registry.obs)
235  ISRT._RegIsRemoteRegConnected                      isrt.obl(Is.obs)
236  ISRT._RegQueryKeyBinaryValue                       isrt.obl(Registry.obs)
237  ISRT._RegQueryKeyValue                             isrt.obl(Registry.obs)
238  ISRT._RegSetKeyBinaryValue                         isrt.obl(Registry.obs)
239  ISRT._RegSetKeyValue                               isrt.obl(Registry.obs)
240  ISRT._ReleaseDialog                                isrt.obl(CustomDialog.obs)
241  ISRT._SdShowMsg                                    isrt.obl(SDSMSG.obs)
242  ISRT._SetAltMainImage                              isrt.obl(Dialogs.obs)
243  ISRT._SetDisplayEffect                             isrt.obl(ui.obs)
244  ISRT._SetPaletteFile                               isrt.obl(MIO.obs)
245  ISRT._SetSilentSdShowMsg                           isrt.obl(Enable.obs)
246  ISRT._SetTitle                                     isrt.obl(ui.obs)
247  ISRT._SetupInet                                    isrt.obl(MIO.obs)
248  ISRT._SetupTraceWrite                              isrt.obl(Misc.obs)
249  ISRT._ShowObjWizardPages                           isrt.obl(Objects.obs)
250  ISRT._ShowWizardPages                              Setup.obs
251  ISRT._StatusUpdate                                 isrt.obl(ui.obs)
252  ISRT._TreeViewCreate                               isrt.obl(CmptView.obs)
253  ISRT._WaitOnDialog                                 isrt.obl(CustomDialog.obs)
254  ISRT._WriteLine                                    isrt.obl(Files.obs)
255  ISRT.__CreateObjectContext                         isrt.obl(ISRTInit.obs)
256  ISRT.__GetCmdLineOptions                           isrt.obl(ISRTInit.obs)
257  ISRT.__GetContextGUID                              isrt.obl(ISRTInit.obs)
258  ISRT.__GetEnabledIServices                         isrt.obl(SysVars.obs)
259  ISRT.__GetFileRegistrar                            isrt.obl(ISRTInit.obs)
260  ISRT.__GetInfo                                     isrt.obl(ISRTInit.obs)
261  ISRT.__GetInstallGuid                              isrt.obl(SysVars.obs)
262  ISRT.__GetLog                                      isrt.obl(SysVars.obs)
263  ISRT.__GetLogDB                                    isrt.obl(ISRTInit.obs)
264  ISRT.__GetLogEx                                    isrt.obl(SysVars.obs)
265  ISRT.__GetMainWindow                               Setup.obs
266  ISRT.__GetMaintOption                              isrt.obl(SysVars.obs)
267  ISRT.__GetMaintenanceMode                          isrt.obl(SysVars.obs)
268  ISRT.__GetObjects                                  isrt.obl(ISRTInit.obs)
269  ISRT.__GetProductGuid                              isrt.obl(SysVars.obs)
270  ISRT.__GetProgress                                 Setup.obs
271  ISRT.__GetReboot                                   isrt.obl(ISRTInit.obs)
272  ISRT.__GetRemoveAllMode                            isrt.obl(SysVars.obs)
273  ISRT.__GetTextSub                                  isrt.obl(ISRTInit.obs)
274  ISRT.__GetUpdateMode                               isrt.obl(SysVars.obs)
275  ISRT.__GetUser                                     isrt.obl(MIO.obs)
276  ISRT.__ISRTGetPropertyBag                          ifx.obl(PersistPropertyBag.obs)
277  ISRT.__ISRTReleasePropertyBag                      ifx.obl(PersistPropertyBag.obs)
278  ISRT.__LoadString                                  isrt.obl(LoadStr.obs)
279  ISRT.__PutEnabledIServices                         isrt.obl(Enable.obs)
280  ISRT.__ReleaseObjectContext                        isrt.obl(ISRTInit.obs)
281  ISRT.__RestoreMainLog                              isrt.obl(ISRTInit.obs)
282  ISRT.__RestoreMainLogEx                            isrt.obl(ISRTInit.obs)
283  ISRT.__SetComponentLog                             isrt.obl(ISRTInit.obs)
284  ISRT.__SetUpdateMode                               isrt.obl(SysVars.obs)
285  ISRTHandleScriptException                          isrt.obl(Misc.obs)
286  ISRTOnUninstPriv                                   isrt.obl(Driver.obs)
287  ISRTPreprogram                                     isrt.obl(Driver.obs)
288  IfxFilterComponents                                ifx.obl(EventsSetupPriv.obs)
289  IfxFinalConstruct                                  ifx.obl(EventsSetupPriv.obs)
290  IfxFinalRelease                                    ifx.obl(EventsSetupPriv.obs)
291  IfxInitProperties                                  ifx.obl(PersistPropertyBag.obs)
292  IfxOnAbortInstall                                  ifx.obl(EventsPriv.obs)
293  IfxOnAppSearch                                     ifx.obl(EventsPriv.obs)
294  IfxOnCCPSearch                                     ifx.obl(EventsPriv.obs)
295  IfxOnCanceling                                     ifx.obl(EventsPriv.obs)
296  IfxOnDisk1Installed                                ifx.obl(EventsSetupPriv.obs)
297  IfxOnDisk1Installing                               ifx.obl(EventsSetupPriv.obs)
298  IfxOnExitInstall                                   ifx.obl(EventsSetupPriv.obs)
299  IfxOnFileError                                     ifx.obl(EventsSetupPriv.obs)
300  IfxOnFileLocked                                    ifx.obl(EventsSetupPriv.obs)
301  IfxOnFileReadOnly                                  ifx.obl(EventsSetupPriv.obs)
302  IfxOnGeneralScriptOp                               ifx.obl(EventsPriv.obs)
303  IfxOnHelp                                          ifx.obl(EventsPriv.obs)
304  IfxOnInitInstall                                   ifx.obl(EventsSetupPriv.obs)
305  IfxOnInternetError                                 ifx.obl(EventsSetupPriv.obs)
306  IfxOnMD5Error                                      ifx.obl(EventsSetupPriv.obs)
307  IfxOnNextDisk                                      ifx.obl(EventsSetupPriv.obs)
308  IfxOnRebooted                                      ifx.obl(EventsPriv.obs)
309  IfxOnRemovingSharedFile                            ifx.obl(EventsSetupPriv.obs)
310  IfxOnShowWizardPages                               ifx.obl(EventsSetupPriv.obs)
311  IfxOnTransferred                                   ifx.obl(EventsPriv.obs)
312  IfxOnTransferring                                  ifx.obl(EventsSetupPriv.obs)
313  IfxOnUnhandledException                            ifx.obl(EventsPriv.obs)
314  IfxOnUninst                                        ifx.obl(EventsSetupPriv.obs)
315  IfxOnUninstPriv                                    ifx.obl(EventsSetupPriv.obs)
316  IfxPostprogram                                     ifx.obl(EventsSetupPriv.obs)
317  IfxPreprogram                                      ifx.obl(EventsSetupPriv.obs)
318  IfxReadProperties                                  ifx.obl(PersistPropertyBag.obs)
319  IfxRunAfterReboot                                  ifx.obl(EventsSetupPriv.obs)
320  IfxWriteProperties                                 ifx.obl(PersistPropertyBag.obs)
321  InetEndofTransfer                                  isrt.obl(iftw.obs)
322  InetNextDisk                                       isrt.obl(iftw.obs)
323  InitInstall                                        isrt.obl(Driver.obs)
324  InitProperties                                     ifx.obl(PersistPropertyBag.obs)
325  Is                                                 isrt.obl(Is.obs)
326  IsInetInstall                                      isrt.obl(iftw.obs)
327  KERNEL.GetModuleHandle                             Setup.obs
328  KERNEL32.CloseHandle                               Setup.obs
329  KERNEL32.CreateFileA                               Setup.obs
330  KERNEL32.CreateProcess                             Setup.obs
331  KERNEL32.DeleteFileA                               Setup.obs
332  KERNEL32.FileTimeToLocalFileTime                   Setup.obs
333  KERNEL32.FileTimeToSystemTime                      Setup.obs
334  KERNEL32.FindClose                                 Setup.obs
335  KERNEL32.FindFirstFileA                            Setup.obs
336  KERNEL32.FindNextFileA                             Setup.obs
337  KERNEL32.FormatMessageA                            Setup.obs
338  KERNEL32.FreeLibrary                               Setup.obs
339  KERNEL32.GetCurrentDirectoryA                      Setup.obs
340  KERNEL32.GetDriveType                              Setup.obs
341  KERNEL32.GetExitCodeProcess                        Setup.obs
342  KERNEL32.GetFileAttributesA                        Setup.obs
343  KERNEL32.GetLocalTime                              Setup.obs
344  KERNEL32.GetLocaleInfo                             Setup.obs
345  KERNEL32.GetPrivateProfileSectionA                 Setup.obs
346  KERNEL32.GetPrivateProfileString                   Setup.obs
347  KERNEL32.GetPrivateProfileStringA                  Setup.obs
348  KERNEL32.GetProcAddress                            Setup.obs
349  KERNEL32.GetProfileStringA                         Setup.obs
350  KERNEL32.GetShortPathNameA                         Setup.obs
351  KERNEL32.GetSystemDefaultLCID                      Setup.obs
352  KERNEL32.GetSystemDefaultLangID                    Setup.obs
353  KERNEL32.GetSystemDefaultUILanguage                Setup.obs
354  KERNEL32.GetTickCount                              Setup.obs
355  KERNEL32.GetUserDefaultLangID                      Setup.obs
356  KERNEL32.GetVersion                                Setup.obs
357  KERNEL32.GetVersionEx                              Setup.obs
358  KERNEL32.GetVolumeInformation                      Setup.obs
359  KERNEL32.GetWindowsDirectory                       Setup.obs
360  KERNEL32.LoadLibraryA                              Setup.obs
361  KERNEL32.SetCurrentDirectoryA                      Setup.obs
362  KERNEL32.SetFileAttributesA                        Setup.obs
363  KERNEL32.Sleep                                     Setup.obs
364  KERNEL32.WritePrivateProfileString                 Setup.obs
365  KERNEL32.WritePrivateProfileStringA                Setup.obs
366  KERNEL32.WriteProfileStringA                       Setup.obs
367  KERNEL32.lstrlen                                   Setup.obs
368  LOBYTE                                             isrt.obl(Misc.obs)
369  LOWORD                                             isrt.obl(Misc.obs)
370  LaunchAppAndWait                                   isrt.obl(Extend.obs)
371  LaunchAppAndWaitInitStartupInfo                    isrt.obl(Extend.obs)
372  ListAddItem                                        isrt.obl(scrlist.obs)
373  ListAddString                                      isrt.obl(scrlist.obs)
374  ListCount                                          isrt.obl(scrlist.obs)
375  ListCreate                                         isrt.obl(scrlist.obs)
376  ListCurrentString                                  isrt.obl(scrlist.obs)
377  ListDeleteItem                                     isrt.obl(scrlist.obs)
378  ListDeleteString                                   isrt.obl(scrlist.obs)
379  ListDestroy                                        isrt.obl(scrlist.obs)
380  ListFindString                                     isrt.obl(scrlist.obs)
381  ListGetFirstItem                                   isrt.obl(scrlist.obs)
382  ListGetFirstString                                 isrt.obl(scrlist.obs)
383  ListGetNextItem                                    isrt.obl(scrlist.obs)
384  ListGetNextString                                  isrt.obl(scrlist.obs)
385  ListGetType                                        isrt.obl(scrlist.obs)
386  ListSetIndex                                       isrt.obl(scrlist.obs)
387  ListValid                                          isrt.obl(scrlist.obs)
388  ListValidType                                      isrt.obl(scrlist.obs)
389  LoadStringFromStringTable                          isrt.obl(Str.obs)
390  LogReadCustomString                                isrt.obl(Misc.obs)
391  LogReadCustomVariant                               isrt.obl(Misc.obs)
392  LogWriteCustomString                               isrt.obl(Misc.obs)
393  LogWriteCustomVariant                              isrt.obl(Misc.obs)
394  LongPathFromShortPath                              isrt.obl(Str.obs)
395  LongPathToQuote                                    isrt.obl(Str.obs)
396  LongPathToShortPath                                isrt.obl(Str.obs)
397  MAKELONG                                           isrt.obl(Misc.obs)
398  MIFCreateMIFFile                                   isrt.obl(MIF.obs)
399  MIFDeleteMIFFile                                   isrt.obl(MIF.obs)
400  MIFInitialize                                      isrt.obl(MIF.obs)
401  MIFSetInformation                                  isrt.obl(MIF.obs)
402  MIFUnInitialize                                    isrt.obl(MIF.obs)
403  MIFWasSetInformationCalled                         isrt.obl(MIF.obs)
404  MIOShutdown                                        isrt.obl(MIO.obs)
405  MIOStartup                                         isrt.obl(MIO.obs)
406  MaintenanceStart                                   isrt.obl(Registry.obs)
407  MediaGetData                                       isrt.obl(Feature.obs)
408  MediaGetDataEx                                     isrt.obl(Feature.obs)
409  MessageBeep                                        isrt.obl(Misc.obs)
410  MessageBox                                         isrt.obl(MsgBox.obs)
411  MessageBoxEx                                       isrt.obl(MsgBox.obs)
412  OnAbort                                            ifx.obl(EventsSetup.obs)
413  OnAppSearch                                        ifx.obl(EventsSetup.obs)
414  OnBegin                                            ifx.obl(EventsSetup.obs)
415  OnCCPSearch                                        ifx.obl(EventsSetup.obs)
416  OnCanceling                                        ifx.obl(EventsSetup.obs)
417  OnCheckMediaPassword                               ifx.obl(EventsSetup.obs)
418  OnComponentError                                   ifx.obl(EventsSetup.obs)
419  OnCustomizeUninstInfo                              ifx.obl(EventsSetup.obs)
420  OnEnd                                              ifx.obl(EventsSetup.obs)
421  OnFileError                                        ifx.obl(EventsSetup.obs)
422  OnFileLocked                                       ifx.obl(EventsSetup.obs)
423  OnFileReadOnly                                     ifx.obl(EventsSetup.obs)
424  OnFilterComponents                                 ifx.obl(EventsSetup.obs)
425  OnFirstUIAfter                                     ifx.obl(EventsSetup.obs)
426  OnFirstUIBefore                                    Setup.obs
427  OnHelp                                             ifx.obl(EventsSetup.obs)
428  OnIISCheckRequirements                             ifx.obl(EventsPriv.obs)
429  OnIISComponentInstalled                            ifx.obl(EventsPriv.obs)
430  OnIISInitialize                                    ifx.obl(EventsPriv.obs)
431  OnIISUninitialize                                  ifx.obl(EventsPriv.obs)
432  OnIISVRootUninstalling                             ifx.obl(EventsPriv.obs)
433  OnInstallDRMService                                isrt.obl(Activation.obs)
434  OnInstalledFile                                    ifx.obl(EventsSetup.obs)
435  OnInstalledFontFile                                ifx.obl(EventsSetup.obs)
436  OnInstallingFile                                   ifx.obl(EventsSetup.obs)
437  OnInstallingISUSUpdateManager                      ISUS.obl(ISUpdateService.obs)
438  OnInternetError                                    ifx.obl(EventsSetup.obs)
439  OnLaunchAppAndWaitCallback                         isrt.obl(Extend.obs)
440  OnMD5Error                                         ifx.obl(EventsSetup.obs)
441  OnMaintUIAfter                                     ifx.obl(EventsSetup.obs)
442  OnMaintUIBefore                                    ifx.obl(EventsSetup.obs)
443  OnMoveData                                         ifx.obl(EventsSetup.obs)
444  OnMoved                                            ifx.obl(EventsSetup.obs)
445  OnMoving                                           ifx.obl(EventsSetup.obs)
446  OnNetApiCreateUserAccount                          ifx.obl(EventsSetup.obs)
447  OnNetApiCreateUserAccountInternal                  isrt.obl(NetApiRT.obs)
448  OnNextDisk                                         ifx.obl(EventsSetup.obs)
449  OnRebooted                                         ifx.obl(EventsSetup.obs)
450  OnRemovingSharedFile                               ifx.obl(EventsSetup.obs)
451  OnSQLBatchScripts                                  ifx.obl(EventsPriv.obs)
452  OnSQLComponentInstalled                            ifx.obl(EventsPriv.obs)
453  OnSQLComponentUninstalled                          ifx.obl(EventsPriv.obs)
454  OnSQLServerInitialize                              ifx.obl(EventsPriv.obs)
455  OnSQLServerInitializeMaint                         ifx.obl(EventsPriv.obs)
456  OnSelfRegistrationError                            ifx.obl(EventsSetup.obs)
457  OnSetTARGETDIR                                     ifx.obl(EventsSetup.obs)
458  OnSetUpdateMode                                    ifx.obl(EventsSetup.obs)
459  OnShowUI                                           ifx.obl(EventsSetup.obs)
460  OnUnInstallDRMService                              isrt.obl(Activation.obs)
461  OnUnInstalledISUSUpdateManager                     ISUS.obl(ISUpdateService.obs)
462  OnUnhandledException                               ifx.obl(EventsPriv.obs)
463  OnUninstall                                        ifx.obl(EventsSetup.obs)
464  OnUninstalledFile                                  ifx.obl(EventsSetup.obs)
465  OnUninstallingFile                                 ifx.obl(EventsSetup.obs)
466  OnUninstallingFontFile                             ifx.obl(EventsSetup.obs)
467  OnUpdateUIAfter                                    ifx.obl(EventsSetup.obs)
468  OnUpdateUIBefore                                   ifx.obl(EventsSetup.obs)
469  OnXMLComponentInstalled                            ifx.obl(EventsPriv.obs)
470  OnXMLComponentUninstalling                         ifx.obl(EventsPriv.obs)
471  OnXMLInitialize                                    ifx.obl(EventsPriv.obs)
472  OnXMLUninitialize                                  ifx.obl(EventsPriv.obs)
473  OpenFileMode                                       isrt.obl(Files.obs)
474  PCRestoreInit                                      isrt.obl(PCRestore.obs)
475  PCRestoreOnAbort                                   isrt.obl(PCRestore.obs)
476  PCRestoreOnBegin                                   isrt.obl(PCRestore.obs)
477  PCRestoreOnExit                                    isrt.obl(PCRestore.obs)
478  ParsePath                                          isrt.obl(Str.obs)
479  Postprogram                                        ifx.obl(EventsSetupPriv.obs)
480  Preprogram                                         ifx.obl(EventsSetupPriv.obs)
481  ProgDefGroupType                                   isrt.obl(Shell.obs)
482  ProgGetGroupType                                   isrt.obl(Shell.obs)
483  PthFixPath                                         isrt.obl(Pth.obs)
484  PthIsAbsPath                                       isrt.obl(Pth.obs)
485  ReadProperties                                     ifx.obl(PersistPropertyBag.obs)
486  RebootGetString                                    isrt.obl(Misc.obs)
487  RebootPutString                                    isrt.obl(Misc.obs)
488  Rebooted                                           isrt.obl(Driver.obs)
489  RegDBDeleteValue                                   isrt.obl(Registry.obs)
490  RegDBGetDefaultRoot                                isrt.obl(SysVars.obs)
491  RegDBGetItem                                       isrt.obl(Registry.obs)
492  RegDBGetKeyValueEx                                 isrt.obl(Registry.obs)
493  RegDBQueryKey                                      isrt.obl(Registry.obs)
494  RegDBQueryKeyCount                                 isrt.obl(Registry.obs)
495  RegDBQueryStringMultiStringCount                   isrt.obl(Registry.obs)
496  RegDBQueryValue                                    isrt.obl(Registry.obs)
497  RegDBSetDefaultRoot                                isrt.obl(SysVars.obs)
498  RegDBSetItem                                       isrt.obl(Registry.obs)
499  RegDBSetKeyValueEx                                 isrt.obl(Registry.obs)
500  RegDBSetValue                                      isrt.obl(Registry.obs)
501  RegDBSetVersion                                    isrt.obl(Registry.obs)
502  RegisterFontResource                               isrt.obl(Misc.obs)
503  ReleaseDialog                                      isrt.obl(CustomDialog.obs)
504  SdCloseDlg                                         isrt.obl(SDINT.obs)
505  SdComponentDlgCheckSpace                           isrt.obl(SDINT.obs)
506  SdDlgToTop                                         isrt.obl(SDINT.obs)
507  SdDoStdButton                                      isrt.obl(SDINT.obs)
508  SdEnablement                                       isrt.obl(SDINT.obs)
509  SdError                                            isrt.obl(SDINT.obs)
510  SdExceptionsInit                                   isrt.obl(SdExceptions.obs)
511  SdFeatureTree                                      isrt.obl(SdComponentTreeDlg.obs)
512  SdFinish                                           isrt.obl(SdFinishDlg.obs)
513  SdFinishReboot                                     isrt.obl(SdFinishRebootDlg.obs)
514  SdFinishUpdateEx                                   isrt.obl(SdFinishUpdate.obs)
515  SdGeneralInit                                      isrt.obl(SDINT.obs)
516  SdInit                                             isrt.obl(SDINT.obs)
517  SdIsStdButton                                      isrt.obl(SDINT.obs)
518  SdLoadString                                       isrt.obl(SDINT.obs)
519  SdMakeName                                         isrt.obl(SDINT.obs)
520  SdPlugInProductName                                isrt.obl(SDINT.obs)
521  SdSetDlgTitle                                      isrt.obl(SDINT.obs)
522  SdSetStatic                                        isrt.obl(SDINT.obs)
523  SdShowMsg                                          isrt.obl(SDSMSG.obs)
524  SdStartCopy2                                       isrt.obl(SdStartCopy2Dlg.obs)
525  SdSubstituteProductInfo                            isrt.obl(SDINT.obs)
526  SdUnInit                                           isrt.obl(SDINT.obs)
527  SdWelcome                                          isrt.obl(SdWelcomeDlg.obs)
528  SdWelcomeMaint                                     isrt.obl(SdWelcomeMaintDlg.obs)
529  SelectDir                                          isrt.obl(SelectDir.obs)
530  SelectDirNoLog                                     isrt.obl(SelectDir.obs)
531  SendMessage                                        isrt.obl(Misc.obs)
532  ServiceInitParams                                  isrt.obl(Service.obs)
533  SetCmdLine                                         isrt.obl(SysVars.obs)
534  SetDialogTitle                                     isrt.obl(Dialogs.obs)
535  SetDisplayEffect                                   isrt.obl(ui.obs)
536  SetExtendedErrInfo                                 isrt.obl(IsUtil.obs)
537  SetFolderDesktop                                   isrt.obl(SysVars.obs)
538  SetFolderPrograms                                  isrt.obl(SysVars.obs)
539  SetFolderStartMenu                                 isrt.obl(SysVars.obs)
540  SetFolderStartup                                   isrt.obl(SysVars.obs)
541  SetStatus                                          ifx.obl(EventsSetupPriv.obs)
542  SetStatusEx                                        ifx.obl(EventsSetupPriv.obs)
543  SetStatusWindow                                    isrt.obl(ui.obs)
544  SetTitle                                           isrt.obl(ui.obs)
545  SetupTraceWrite                                    isrt.obl(Misc.obs)
546  ShowObjWizardPages                                 isrt.obl(Objects.obs)
547  ShowWizardPages                                    isrt.obl(Driver.obs)
548  SilentCreateFile                                   isrt.obl(Silent.obs)
549  SilentDoGeneralInfo                                isrt.obl(Silent.obs)
550  SilentFailed                                       isrt.obl(Silent.obs)
551  SilentFinish                                       isrt.obl(Silent.obs)
552  SilentInit                                         isrt.obl(Silent.obs)
553  SilentLogWriteData                                 isrt.obl(Silent.obs)
554  SilentReadData                                     isrt.obl(Silent.obs)
555  SilentSetInfo                                      isrt.obl(Silent.obs)
556  SilentSetMode                                      isrt.obl(Silent.obs)
557  SilentWriteData                                    isrt.obl(Silent.obs)
558  Sprintf                                            isrt.obl(Str.obs)
559  SprintfBox                                         isrt.obl(MsgBox.obs)
560  StatusUpdate                                       isrt.obl(ui.obs)
561  StrAddLastSlash                                    isrt.obl(Str.obs)
562  StrFindEx                                          isrt.obl(Str.obs)
563  StrGetTokens                                       isrt.obl(Str.obs)
564  StrLength                                          isrt.obl(Str.obs)
565  StrRemoveLastSlash                                 isrt.obl(Str.obs)
566  StrRemoveSpaces                                    isrt.obl(Str.obs)
567  StrReplace                                         isrt.obl(Str.obs)
568  StrToNumHex                                        isrt.obl(Str.obs)
569  StrToUpper                                         isrt.obl(Str.obs)
570  SysVarsInit                                        isrt.obl(SysVars.obs)
571  SysVarsTrace                                       isrt.obl(SysVars.obs)
572  SysVarsUnInit                                      isrt.obl(SysVars.obs)
573  System                                             isrt.obl(Misc.obs)
574  TextSubGetValue                                    isrt.obl(TextSub.obs)
575  TextSubParseTextSub                                isrt.obl(TextSub.obs)
576  TextSubSetValue                                    isrt.obl(TextSub.obs)
577  TextSubSubstitute                                  isrt.obl(TextSub.obs)
578  TreeViewCreate                                     isrt.obl(CmptView.obs)
579  USER.EnableWindow                                  Setup.obs
580  USER.GetClassName                                  Setup.obs
581  USER.GetDC                                         Setup.obs
582  USER.GetDlgItem                                    Setup.obs
583  USER.GetFocus                                      Setup.obs
584  USER.GetWindowLong                                 Setup.obs
585  USER.IsIconic                                      Setup.obs
586  USER.IsWindow                                      Setup.obs
587  USER.IsWindowVisible                               Setup.obs
588  USER.PostMessage                                   Setup.obs
589  USER.ReleaseDC                                     Setup.obs
590  USER.SendMessageA                                  Setup.obs
591  USER.SetFocus                                      Setup.obs
592  USER.SetForegroundWindow                           Setup.obs
593  USER.SetWindowPos                                  Setup.obs
594  USER.SetWindowText                                 Setup.obs
595  USER.ShowWindow                                    Setup.obs
596  USER32.CharUpperBuffA                              Setup.obs
597  USER32.DispatchMessage                             Setup.obs
598  USER32.GetSystemMetrics                            Setup.obs
599  USER32.GetWindowText                               Setup.obs
600  USER32.GetWindowTextLength                         Setup.obs
601  USER32.MessageBoxA                                 Setup.obs
602  USER32.MsgWaitForMultipleObjects                   Setup.obs
603  USER32.PeekMessageA                                Setup.obs
604  USER32.SendMessageA                                Setup.obs
605  USER32.SetWindowLong                               Setup.obs
606  USER32.SetWindowRgn                                Setup.obs
607  USER32.TranslateMessage                            Setup.obs
608  UpdateServiceCheckForUpdates                       ISUS.obl(ISUpdateService.obs)
609  UpdateServiceEnableUpdateManagerInstall            ISUS.obl(ISUpdateService.obs)
610  UpdateServiceGetAgentTarget                        ISUS.obl(ISUpdateService.obs)
611  UpdateServiceInit                                  ISUS.obl(ISUpdateService.obs)
612  UpdateServiceRegisterAfterReboot                   ISUS.obl(ISUpdateService.obs)
613  UpdateServiceRegisterProduct                       ISUS.obl(ISUpdateService.obs)
614  UpdateServiceRegisterProductEx                     ISUS.obl(ISUpdateService.obs)
615  UpdateServiceSetHost                               ISUS.obl(ISUpdateService.obs)
616  UpdateServiceSetLanguage                           ISUS.obl(ISUpdateService.obs)
617  VarInit                                            isrt.obl(SysVars.obs)
618  VarRestore                                         isrt.obl(SysVars.obs)
619  VarSave                                            isrt.obl(SysVars.obs)
620  VerCompare                                         isrt.obl(version.obs)
621  VerProductCompareVersions                          isrt.obl(version.obs)
622  VerProductGetInstalledVersion                      isrt.obl(version.obs)
623  VerProductIsVersionSupported                       isrt.obl(version.obs)
624  VerProductNumToStr                                 isrt.obl(version.obs)
625  VerProductStrToNum                                 isrt.obl(version.obs)
626  VerProductVerFromVerParts                          isrt.obl(version.obs)
627  VerProductVerPartsFromVer                          isrt.obl(version.obs)
628  WaitOnDialog                                       isrt.obl(CustomDialog.obs)
629  WizardDirection                                    ifx.obl(EventsSetupPriv.obs)
630  WriteLine                                          isrt.obl(Files.obs)
631  WriteProfInt                                       isrt.obl(Profile.obs)
632  WriteProfString                                    isrt.obl(Profile.obs)
633  WriteProperties                                    ifx.obl(PersistPropertyBag.obs)
634  __ISRTDoExit                                       isrt.obl(Misc.obs)
635  __ISRTInit                                         isrt.obl(ISRTInit.obs)
636  __ISRTRestoreMainLog                               isrt.obl(ISRTInit.obs)
637  __ISRTRestoreMainLogEx                             isrt.obl(ISRTInit.obs)
638  __ISRTSetComponentLog                              isrt.obl(ISRTInit.obs)
639  __ISRTUnInit                                       isrt.obl(ISRTInit.obs)
640  __LoadIScriptString                                isrt.obl(LoadStr.obs)
641  program                                            ifx.obl(EventsSetupPriv.obs)
642  sfc.SRSetRestorePoint                              Setup.obs


***** External Variables *****
1    ADDREMOVE                                          isrt.obl(DebugSymbols.obs)
2    ADDREMOVE_COMBINEDBUTTON                           Setup.obs
3    ADDREMOVE_HIDECHANGEOPTION                         Setup.obs
4    ADDREMOVE_HIDEREMOVEOPTION                         Setup.obs
5    ADDREMOVE_HIDEREPAIROPTION                         Setup.obs
6    ADDREMOVE_STRING_REMOVEONLY                        Setup.obs
7    ADDREMOVE_SYSTEMCOMPONENT                          Setup.obs
8    ADMINUSER                                          Setup.obs
9    ALLUSERS                                           Setup.obs
10   BATCH_INSTALL                                      Setup.obs
11   CMDLINE                                            isrt.obl(DebugSymbols.obs)
12   COMMONFILES                                        isrt.obl(DebugSymbols.obs)
13   DISABLE_ALLUSERBTN                                 Setup.obs
14   DISABLE_PERUSERBTN                                 Setup.obs
15   DISK1TARGET                                        Setup.obs
16   ENABLED_ISERVICES                                  isrt.obl(DebugSymbols.obs)
17   ENGINECOMMONDIR                                    isrt.obl(DebugSymbols.obs)
18   ENGINEDIR                                          isrt.obl(DebugSymbols.obs)
19   ERRORFILENAME                                      Setup.obs
20   Err                                                Setup.obs
21   FILETIME                                           Setup.obs
22   FIND_DATA                                          Setup.obs
23   FOLDER_APPDATA                                     isrt.obl(DebugSymbols.obs)
24   FOLDER_COMMON_APPDATA                              isrt.obl(DebugSymbols.obs)
25   FOLDER_DESKTOP                                     isrt.obl(DebugSymbols.obs)
26   FOLDER_FONTS                                       isrt.obl(DebugSymbols.obs)
27   FOLDER_LOCAL_APPDATA                               isrt.obl(DebugSymbols.obs)
28   FOLDER_PERSONAL                                    isrt.obl(DebugSymbols.obs)
29   FOLDER_PROGRAMS                                    isrt.obl(DebugSymbols.obs)
30   FOLDER_STARTMENU                                   isrt.obl(DebugSymbols.obs)
31   FOLDER_STARTUP                                     isrt.obl(DebugSymbols.obs)
32   FOLDER_TEMP                                        isrt.obl(DebugSymbols.obs)
33   FileRegistrar                                      Setup.obs
34   HKEYCURRENTROOTKEY                                 Setup.obs
35   IFX_COMPANY_NAME                                   Setup.obs
36   IFX_DISK1INSTALLED                                 Setup.obs
37   IFX_INITIALIZED                                    Setup.obs
38   IFX_INSTALLED_DISPLAY_VERSION                      Setup.obs
39   IFX_INSTALLED_VERSION                              Setup.obs
40   IFX_KEYPATH_PRODUCT_INFO                           Setup.obs
41   IFX_MULTI_INSTANCE_SUFFIX                          Setup.obs
42   IFX_PRODUCT_COMMENTS                               Setup.obs
43   IFX_PRODUCT_DISPLAY_NAME                           Setup.obs
44   IFX_PRODUCT_DISPLAY_VERSION                        Setup.obs
45   IFX_PRODUCT_ICON                                   Setup.obs
46   IFX_PRODUCT_KEY                                    Setup.obs
47   IFX_PRODUCT_NAME                                   Setup.obs
48   IFX_PRODUCT_README                                 Setup.obs
49   IFX_PRODUCT_REGISTEREDCOMPANY                      Setup.obs
50   IFX_PRODUCT_REGISTEREDOWNER                        Setup.obs
51   IFX_PRODUCT_REGISTEREDSERIALNUM                    Setup.obs
52   IFX_PRODUCT_SUPPORT_CONTACT                        Setup.obs
53   IFX_PRODUCT_SUPPORT_PHONE                          Setup.obs
54   IFX_PRODUCT_SUPPORT_URL                            Setup.obs
55   IFX_PRODUCT_UPDATE_URL                             Setup.obs
56   IFX_PRODUCT_URL                                    Setup.obs
57   IFX_PRODUCT_VERSION                                Setup.obs
58   IFX_SETUP_TITLE                                    Setup.obs
59   IFX_SUPPORTED_VERSIONS                             Setup.obs
60   IISROOTFOLDER                                      isrt.obl(DebugSymbols.obs)
61   INSTALLSCRIPTMSI                                   isrt.obl(DebugSymbols.obs)
62   INSTANCE_GUID                                      isrt.obl(DebugSymbols.obs)
63   ISRES                                              isrt.obl(DebugSymbols.obs)
64   ISUSER                                             isrt.obl(DebugSymbols.obs)
65   ISUS_PRODUCT_CODE                                  Setup.obs
66   ISUTIL_FUNCTION_ACTUAL_ERROR                       Setup.obs
67   ISUTIL_LINE_NUMBER                                 Setup.obs
68   ISUTIL_SCRIPT_FILE                                 Setup.obs
69   ISVERSION                                          isrt.obl(DebugSymbols.obs)
70   InetSRCDIR                                         Setup.obs
71   LAAW_PARAMETERS                                    Setup.obs
72   LAAW_PROCESS_INFORMATION                           Setup.obs
73   LAAW_STARTUPINFO                                   Setup.obs
74   LAST_RESULT                                        Setup.obs
75   LogDB                                              Setup.obs
76   MAINTENANCE                                        isrt.obl(DebugSymbols.obs)
77   MAINT_OPTION                                       isrt.obl(DebugSymbols.obs)
78   MEDIA                                              Setup.obs
79   MEDIA_INFO                                         isrt.obl(Feature.obs)
80   MODE                                               Setup.obs
81   MSG                                                Setup.obs
82   MULTI_INSTANCE_COUNT                               isrt.obl(DebugSymbols.obs)
83   MainWindow                                         Setup.obs
84   NOTHING                                            Setup.obs
85   OSINFO_PLATFORM_INFO                               Setup.obs
86   OSVERSIONINFO                                      Setup.obs
87   OSVERSIONINFOEX                                    Setup.obs
88   Objects                                            Setup.obs
89   PACKAGE_LOCATION                                   isrt.obl(DebugSymbols.obs)
90   POINT                                              Setup.obs
91   PRIVILEGED                                         Setup.obs
92   PROCESS_INFORMATION                                Setup.obs
93   PRODUCT_GUID                                       isrt.obl(DebugSymbols.obs)
94   PROGRAMFILES                                       isrt.obl(DebugSymbols.obs)
95   RECT                                               Setup.obs
96   REMOVEALLMODE                                      isrt.obl(DebugSymbols.obs)
97   REMOVEONLY                                         isrt.obl(DebugSymbols.obs)
98   Reboot                                             Setup.obs
99   SELECTED_LANGUAGE                                  isrt.obl(DebugSymbols.obs)
100  SERVICE_IS_PARAMS                                  Setup.obs
101  SHELL_OBJECT_FOLDER                                Setup.obs
102  SHOW_PASSWORD_DIALOG                               isrt.obl(DebugSymbols.obs)
103  SRCDIR                                             Setup.obs
104  SRCDISK                                            isrt.obl(DebugSymbols.obs)
105  STARTUPINFO                                        Setup.obs
106  SUPPORTDIR                                         isrt.obl(DebugSymbols.obs)
107  SYSTEMTIME                                         Setup.obs
108  SetupInfo                                          Setup.obs
109  StatusDlg                                          Setup.obs
110  TARGETDIR                                          Setup.obs
111  TARGETDISK                                         isrt.obl(DebugSymbols.obs)
112  TextSub                                            Setup.obs
113  UNINST                                             Setup.obs
114  UNINSTALLKEY                                       Setup.obs
115  UNINSTALL_DISPLAYNAME                              Setup.obs
116  UNINSTALL_STRING                                   Setup.obs
117  UPDATEMODE                                         Setup.obs
118  WINDIR                                             isrt.obl(DebugSymbols.obs)
119  WINDISK                                            isrt.obl(DebugSymbols.obs)
120  WINSYSDIR                                          isrt.obl(DebugSymbols.obs)
121  WINSYSDISK                                         isrt.obl(DebugSymbols.obs)
122  _FONTFILEINFO                                      Setup.obs
123  _INT64                                             Setup.obs
124  _LAAW_PARAMETERS                                   Setup.obs
125  _LAAW_TEMP_DATA                                    isrt.obl(Extend.obs)
126  _RESTOREINFO_                                      Setup.obs
127  _RESTOREPTINFO                                     Setup.obs
128  _SERVICE_IS_PARAMS                                 Setup.obs
129  _SMGRSTATUS                                        Setup.obs
130  _SMGSTATUS_                                        Setup.obs
131  _WIN9X                                             Setup.obs
132  _WINNT                                             Setup.obs
133  __SYSTEMINFORMATION                                Setup.obs
134  __hContext                                         isrt.obl(Activation.obs)
135  __objGlobalTextSub                                 Setup.obs
136  __szGUID                                           isrt.obl(ISRTInit.obs)
137  bBackButton                                        Setup.obs
138  bCancelButton                                      Setup.obs
139  bEnterDiskBeep                                     isrt.obl(AskDestPathDlg.obs)
140  bFinishButton                                      Setup.obs
141  bIFXLFNoToAll                                      Setup.obs
142  bIFXLFOnRebootToAll                                Setup.obs
143  bIFXLFYesToAll                                     Setup.obs
144  bIFXMD5IgnoreToAll                                 Setup.obs
145  bIFXRONoToAll                                      Setup.obs
146  bIFXROYesToAll                                     Setup.obs
147  bIFXSFNoToAll                                      Setup.obs
148  bIFXSFYesToAll                                     Setup.obs
149  bIfxPCHInitialized                                 Setup.obs
150  bIfxPCHOn                                          Setup.obs
151  bInstall16                                         Setup.obs
152  bNextButton                                        Setup.obs
153  bSdInit                                            Setup.obs
154  bViewCmptKunits                                    Setup.obs
155  bViewCmptUseDecimal                                Setup.obs
156  g_bSuppressMissingStringWarning                    isrt.obl(Enable.obs)
157  nIfxPCHType                                        Setup.obs
158  szAppKey                                           Setup.obs
159  szSdProduct                                        Setup.obs
160  szSdStr_NotEnoughSpace                             Setup.obs
